Resolving dependencies...
Downloading packages...
  _fe_analyzer_shared 61.0.0 (97.0.0 available)
  _flutterfire_internals 1.3.35 (1.3.67 available)
  analyzer 5.13.0 (11.0.0 available)
  analyzer_plugin 0.11.2 (0.14.5 available)
  build 2.4.1 (4.0.4 available)
  build_config 1.1.2 (1.3.0 available)
  build_resolvers 2.4.2 (3.0.4 available)
  build_runner 2.4.13 (2.12.2 available)
  build_runner_core 7.3.2 (9.3.2 available)
  cloud_firestore 4.17.5 (6.1.3 available)
  cloud_firestore_platform_interface 6.2.5 (7.0.7 available)
  cloud_firestore_web 3.12.5 (5.1.3 available)
  custom_lint_core 0.6.3 (0.8.2 available)
  dart_style 2.3.2 (3.1.7 available)
  firebase_auth 4.20.0 (6.2.0 available)
  firebase_auth_platform_interface 7.3.0 (8.1.7 available)
  firebase_auth_web 5.12.0 (6.1.3 available)
  firebase_core 2.32.0 (4.5.0 available)
  firebase_core_platform_interface 5.4.2 (6.0.2 available)
  firebase_core_web 2.17.5 (3.5.0 available)
  firebase_storage 11.7.7 (13.1.0 available)
  firebase_storage_platform_interface 5.1.22 (5.2.18 available)
  firebase_storage_web 3.9.7 (3.11.3 available)
  flutter_lints 3.0.2 (6.0.0 available)
  flutter_riverpod 2.6.1 (3.3.1 available)
  freezed_annotation 2.4.4 (3.1.0 available)
  go_router 13.2.5 (17.1.0 available)
  golden_toolkit 0.15.0 (discontinued)
  js 0.6.7 (0.7.2 available)
  lints 3.0.0 (6.1.0 available)
  matcher 0.12.18 (0.12.19 available)
  meta 1.17.0 (1.18.1 available)
  riverpod 2.6.1 (3.2.1 available)
  riverpod_analyzer_utils 0.5.1 (0.5.10 available)
  riverpod_annotation 2.6.1 (4.0.2 available)
  riverpod_generator 2.4.0 (4.0.3 available)
  shelf_web_socket 2.0.1 (3.0.0 available)
  source_gen 1.5.0 (4.2.1 available)
  test_api 0.7.9 (0.7.10 available)
  web 0.5.1 (1.1.1 available)
Got dependencies!
1 package is discontinued.
39 packages have newer versions incompatible with dependency constraints.
Try `flutter pub outdated` for more information.
00:00 +0: loading /Users/mc/Flutter Apps/flutter_assessment_app/test/features/home/shop_screen_golden_test.dart
Warning: A tag was used that wasn't specified in dart_test.yaml.
  golden was used in the test "ShopScreen Golden Tests ShopScreen - Default State"

00:00 +0: ShopScreen Golden Tests ShopScreen - Default State
══╡ EXCEPTION CAUGHT BY FLUTTER TEST FRAMEWORK ╞════════════════════════════════════════════════════
The following assertion was thrown running a test:
Unable to load asset: "assets/svgs/f=FilterButton.svg".
The asset does not exist or has empty data.

When the exception was thrown, this was the stack:
#0      PlatformAssetBundle.load (package:flutter/src/services/asset_bundle.dart:340:7)
#1      TestAssetBundle.load (package:golden_toolkit/src/test_asset_bundle.dart:27:57)
#2      SvgAssetLoader.prepareMessage (package:flutter_svg/src/loaders.dart:374:36)
#3      SvgLoader._load (package:flutter_svg/src/loaders.dart:158:12)
#4      SvgLoader.loadBytes.<anonymous closure> (package:flutter_svg/src/loaders.dart:186:59)
#5      Cache.putIfAbsent (package:flutter_svg/src/cache.dart:79:29)
#6      SvgLoader.loadBytes (package:flutter_svg/src/loaders.dart:186:22)
#7      _VectorGraphicWidgetState._loadPicture (package:vector_graphics/src/vector_graphics.dart:366:10)
#8      _VectorGraphicWidgetState._loadAssetBytes (package:vector_graphics/src/vector_graphics.dart:419:39)
#9      _VectorGraphicWidgetState.didChangeDependencies (package:vector_graphics/src/vector_graphics.dart:327:15)
#10     StatefulElement._firstBuild (package:flutter/src/widgets/framework.dart:5968:11)
#11     ComponentElement.mount (package:flutter/src/widgets/framework.dart:5793:5)
...     Normal element mounting (7 frames)
#18     Element.inflateWidget (package:flutter/src/widgets/framework.dart:4587:20)
#19     MultiChildRenderObjectElement.inflateWidget (package:flutter/src/widgets/framework.dart:7264:36)
#20     MultiChildRenderObjectElement.mount (package:flutter/src/widgets/framework.dart:7279:32)
...     Normal element mounting (19 frames)
#39     Element.inflateWidget (package:flutter/src/widgets/framework.dart:4587:20)
#40     MultiChildRenderObjectElement.inflateWidget (package:flutter/src/widgets/framework.dart:7264:36)
#41     MultiChildRenderObjectElement.mount (package:flutter/src/widgets/framework.dart:7279:32)
...     Normal element mounting (19 frames)
#60     Element.inflateWidget (package:flutter/src/widgets/framework.dart:4587:20)
#61     MultiChildRenderObjectElement.inflateWidget (package:flutter/src/widgets/framework.dart:7264:36)
#62     MultiChildRenderObjectElement.mount (package:flutter/src/widgets/framework.dart:7279:32)
...     Normal element mounting (25 frames)
#87     Element.inflateWidget (package:flutter/src/widgets/framework.dart:4587:20)
#88     MultiChildRenderObjectElement.inflateWidget (package:flutter/src/widgets/framework.dart:7264:36)
#89     MultiChildRenderObjectElement.mount (package:flutter/src/widgets/framework.dart:7279:32)
...     Normal element mounting (372 frames)
#461    Element.inflateWidget (package:flutter/src/widgets/framework.dart:4587:20)
#462    MultiChildRenderObjectElement.inflateWidget (package:flutter/src/widgets/framework.dart:7264:36)
#463    MultiChildRenderObjectElement.mount (package:flutter/src/widgets/framework.dart:7279:32)
...     Normal element mounting (473 frames)
#936    _UncontrolledProviderScopeElement.mount (package:flutter_riverpod/src/framework.dart:315:11)
...     Normal element mounting (24 frames)
#960    Element.inflateWidget (package:flutter/src/widgets/framework.dart:4587:20)
#961    MultiChildRenderObjectElement.inflateWidget (package:flutter/src/widgets/framework.dart:7264:36)
#962    MultiChildRenderObjectElement.mount (package:flutter/src/widgets/framework.dart:7279:32)
...     Normal element mounting (25 frames)
#987    Element.inflateWidget (package:flutter/src/widgets/framework.dart:4587:20)
#988    MultiChildRenderObjectElement.inflateWidget (package:flutter/src/widgets/framework.dart:7264:36)
#989    MultiChildRenderObjectElement.mount (package:flutter/src/widgets/framework.dart:7279:32)
#990    Element.inflateWidget (package:flutter/src/widgets/framework.dart:4587:20)
#991    MultiChildRenderObjectElement.inflateWidget (package:flutter/src/widgets/framework.dart:7264:36)
#992    MultiChildRenderObjectElement.mount (package:flutter/src/widgets/framework.dart:7279:32)
...     Normal element mounting (317 frames)
#1309   Element.inflateWidget (package:flutter/src/widgets/framework.dart:4587:20)
#1310   MultiChildRenderObjectElement.inflateWidget (package:flutter/src/widgets/framework.dart:7264:36)
#1311   MultiChildRenderObjectElement.mount (package:flutter/src/widgets/framework.dart:7279:32)
...     Normal element mounting (456 frames)
#1767   Element.inflateWidget (package:flutter/src/widgets/framework.dart:4587:20)
#1768   Element.updateChild (package:flutter/src/widgets/framework.dart:4053:20)
#1769   ComponentElement.performRebuild (package:flutter/src/widgets/framework.dart:5841:16)
#1770   Element.rebuild (package:flutter/src/widgets/framework.dart:5529:7)
#1771   ProxyElement.update (package:flutter/src/widgets/framework.dart:6149:5)
#1772   _InheritedNotifierElement.update (package:flutter/src/widgets/inherited_notifier.dart:108:11)
#1773   Element.updateChild (package:flutter/src/widgets/framework.dart:4037:15)
#1774   ComponentElement.performRebuild (package:flutter/src/widgets/framework.dart:5841:16)
#1775   StatefulElement.performRebuild (package:flutter/src/widgets/framework.dart:5982:11)
#1776   Element.rebuild (package:flutter/src/widgets/framework.dart:5529:7)
#1777   StatefulElement.update (package:flutter/src/widgets/framework.dart:6007:5)
#1778   Element.updateChild (package:flutter/src/widgets/framework.dart:4037:15)
#1779   ComponentElement.performRebuild (package:flutter/src/widgets/framework.dart:5841:16)
#1780   Element.rebuild (package:flutter/src/widgets/framework.dart:5529:7)
#1781   ProxyElement.update (package:flutter/src/widgets/framework.dart:6149:5)
#1782   _InheritedNotifierElement.update (package:flutter/src/widgets/inherited_notifier.dart:108:11)
#1783   Element.updateChild (package:flutter/src/widgets/framework.dart:4037:15)
#1784   ComponentElement.performRebuild (package:flutter/src/widgets/framework.dart:5841:16)
#1785   StatefulElement.performRebuild (package:flutter/src/widgets/framework.dart:5982:11)
#1786   Element.rebuild (package:flutter/src/widgets/framework.dart:5529:7)
#1787   StatefulElement.update (package:flutter/src/widgets/framework.dart:6007:5)
#1788   Element.updateChild (package:flutter/src/widgets/framework.dart:4037:15)
#1789   ComponentElement.performRebuild (package:flutter/src/widgets/framework.dart:5841:16)
#1790   StatefulElement.performRebuild (package:flutter/src/widgets/framework.dart:5982:11)
#1791   Element.rebuild (package:flutter/src/widgets/framework.dart:5529:7)
#1792   StatefulElement.update (package:flutter/src/widgets/framework.dart:6007:5)
#1793   Element.updateChild (package:flutter/src/widgets/framework.dart:4037:15)
#1794   ComponentElement.performRebuild (package:flutter/src/widgets/framework.dart:5841:16)
#1795   Element.rebuild (package:flutter/src/widgets/framework.dart:5529:7)
#1796   ProxyElement.update (package:flutter/src/widgets/framework.dart:6149:5)
#1797   Element.updateChild (package:flutter/src/widgets/framework.dart:4037:15)
#1798   ComponentElement.performRebuild (package:flutter/src/widgets/framework.dart:5841:16)
#1799   StatefulElement.performRebuild (package:flutter/src/widgets/framework.dart:5982:11)
#1800   Element.rebuild (package:flutter/src/widgets/framework.dart:5529:7)
#1801   StatefulElement.update (package:flutter/src/widgets/framework.dart:6007:5)
#1802   Element.updateChild (package:flutter/src/widgets/framework.dart:4037:15)
#1803   ComponentElement.performRebuild (package:flutter/src/widgets/framework.dart:5841:16)
#1804   Element.rebuild (package:flutter/src/widgets/framework.dart:5529:7)
#1805   ProxyElement.update (package:flutter/src/widgets/framework.dart:6149:5)
#1806   Element.updateChild (package:flutter/src/widgets/framework.dart:4037:15)
#1807   ComponentElement.performRebuild (package:flutter/src/widgets/framework.dart:5841:16)
#1808   Element.rebuild (package:flutter/src/widgets/framework.dart:5529:7)
#1809   ProxyElement.update (package:flutter/src/widgets/framework.dart:6149:5)
#1810   Element.updateChild (package:flutter/src/widgets/framework.dart:4037:15)
#1811   _RawViewElement._updateChild (package:flutter/src/widgets/view.dart:481:16)
#1812   _RawViewElement.update (package:flutter/src/widgets/view.dart:568:5)
#1813   Element.updateChild (package:flutter/src/widgets/framework.dart:4037:15)
#1814   ComponentElement.performRebuild (package:flutter/src/widgets/framework.dart:5841:16)
#1815   Element.rebuild (package:flutter/src/widgets/framework.dart:5529:7)
#1816   StatelessElement.update (package:flutter/src/widgets/framework.dart:5895:5)
#1817   Element.updateChild (package:flutter/src/widgets/framework.dart:4037:15)
#1818   ComponentElement.performRebuild (package:flutter/src/widgets/framework.dart:5841:16)
#1819   StatefulElement.performRebuild (package:flutter/src/widgets/framework.dart:5982:11)
#1820   Element.rebuild (package:flutter/src/widgets/framework.dart:5529:7)
#1821   StatefulElement.update (package:flutter/src/widgets/framework.dart:6007:5)
#1822   Element.updateChild (package:flutter/src/widgets/framework.dart:4037:15)
#1823   RootElement._rebuild (package:flutter/src/widgets/binding.dart:1822:16)
#1824   RootElement.update (package:flutter/src/widgets/binding.dart:1800:5)
#1825   RootElement.performRebuild (package:flutter/src/widgets/binding.dart:1814:7)
#1826   Element.rebuild (package:flutter/src/widgets/framework.dart:5529:7)
#1827   BuildScope._tryRebuild (package:flutter/src/widgets/framework.dart:2750:15)
#1828   BuildScope._flushDirtyElements (package:flutter/src/widgets/framework.dart:2807:11)
#1829   BuildOwner.buildScope (package:flutter/src/widgets/framework.dart:3111:18)
#1830   AutomatedTestWidgetsFlutterBinding.drawFrame (package:flutter_test/src/binding.dart:2131:19)
#1831   RendererBinding._handlePersistentFrameCallback (package:flutter/src/rendering/binding.dart:495:5)
#1832   SchedulerBinding._invokeFrameCallback (package:flutter/src/scheduler/binding.dart:1430:15)
#1833   SchedulerBinding.handleDrawFrame (package:flutter/src/scheduler/binding.dart:1345:9)
#1834   AutomatedTestWidgetsFlutterBinding.pump.<anonymous closure> (package:flutter_test/src/binding.dart:1960:9)
#1837   TestAsyncUtils.guard (package:flutter_test/src/test_async_utils.dart:74:41)
#1838   AutomatedTestWidgetsFlutterBinding.pump (package:flutter_test/src/binding.dart:1949:27)
#1839   WidgetTester.pumpWidget.<anonymous closure> (package:flutter_test/src/widget_tester.dart:598:22)
#1842   TestAsyncUtils.guard (package:flutter_test/src/test_async_utils.dart:74:41)
#1843   WidgetTester.pumpWidget (package:flutter_test/src/widget_tester.dart:595:27)
#1844   _pumpAppWidget (package:golden_toolkit/src/testing_tools.dart:129:16)
<asynchronous suspension>
#1845   TestingToolsExtension.pumpWidgetBuilder (package:golden_toolkit/src/testing_tools.dart:54:5)
<asynchronous suspension>
#1846   TestingToolsExtension.pumpDeviceBuilder (package:golden_toolkit/src/testing_tools.dart:71:5)
<asynchronous suspension>
#1847   main.<anonymous closure>.<anonymous closure>.<anonymous closure> (file:///Users/mc/Flutter%20Apps/flutter_assessment_app/test/features/home/shop_screen_golden_test.dart:28:9)
<asynchronous suspension>
#1848   main.<anonymous closure>.<anonymous closure> (file:///Users/mc/Flutter%20Apps/flutter_assessment_app/test/features/home/shop_screen_golden_test.dart:11:7)
<asynchronous suspension>
#1849   testGoldens.<anonymous closure>.body (package:golden_toolkit/src/testing_tools.dart:167:11)
<asynchronous suspension>
#1850   testGoldens.<anonymous closure> (package:golden_toolkit/src/testing_tools.dart:177:9)
<asynchronous suspension>
#1851   testWidgets.<anonymous closure>.<anonymous closure> (package:flutter_test/src/widget_tester.dart:192:15)
<asynchronous suspension>
#1852   TestWidgetsFlutterBinding._runTestBody (package:flutter_test/src/binding.dart:1682:5)
<asynchronous suspension>
<asynchronous suspension>
(elided 5 frames from dart:async and package:stack_trace)

The test description was:
  ShopScreen - Default State
════════════════════════════════════════════════════════════════════════════════════════════════════
00:02 +0 -1: ShopScreen Golden Tests ShopScreen - Default State [E]
  Test failed. See exception logs above.
  The test description was: ShopScreen - Default State
  
══╡ EXCEPTION CAUGHT BY FLUTTER TEST FRAMEWORK ╞════════════════════════════════════════════════════
The following assertion was thrown running a test (but after the test had completed):
Unable to load asset: "assets/svgs/f=FilterButton.svg".
The asset does not exist or has empty data.

When the exception was thrown, this was the stack:
#0      PlatformAssetBundle.load (package:flutter/src/services/asset_bundle.dart:340:7)
#1      TestAssetBundle.load (package:golden_toolkit/src/test_asset_bundle.dart:27:57)
#2      SvgAssetLoader.prepareMessage (package:flutter_svg/src/loaders.dart:374:36)
#3      SvgLoader._load (package:flutter_svg/src/loaders.dart:158:12)
#4      SvgLoader.loadBytes.<anonymous closure> (package:flutter_svg/src/loaders.dart:186:59)
#5      Cache.putIfAbsent (package:flutter_svg/src/cache.dart:79:29)
#6      SvgLoader.loadBytes (package:flutter_svg/src/loaders.dart:186:22)
#7      _VectorGraphicWidgetState._loadPicture (package:vector_graphics/src/vector_graphics.dart:366:10)
#8      _VectorGraphicWidgetState._loadAssetBytes (package:vector_graphics/src/vector_graphics.dart:419:39)
#9      _VectorGraphicWidgetState.didChangeDependencies (package:vector_graphics/src/vector_graphics.dart:327:15)
#10     StatefulElement._firstBuild (package:flutter/src/widgets/framework.dart:5968:11)
#11     ComponentElement.mount (package:flutter/src/widgets/framework.dart:5793:5)
...     Normal element mounting (7 frames)
#18     Element.inflateWidget (package:flutter/src/widgets/framework.dart:4587:20)
#19     MultiChildRenderObjectElement.inflateWidget (package:flutter/src/widgets/framework.dart:7264:36)
#20     MultiChildRenderObjectElement.mount (package:flutter/src/widgets/framework.dart:7279:32)
...     Normal element mounting (19 frames)
#39     Element.inflateWidget (package:flutter/src/widgets/framework.dart:4587:20)
#40     MultiChildRenderObjectElement.inflateWidget (package:flutter/src/widgets/framework.dart:7264:36)
#41     MultiChildRenderObjectElement.mount (package:flutter/src/widgets/framework.dart:7279:32)
...     Normal element mounting (19 frames)
#60     Element.inflateWidget (package:flutter/src/widgets/framework.dart:4587:20)
#61     MultiChildRenderObjectElement.inflateWidget (package:flutter/src/widgets/framework.dart:7264:36)
#62     MultiChildRenderObjectElement.mount (package:flutter/src/widgets/framework.dart:7279:32)
...     Normal element mounting (25 frames)
#87     Element.inflateWidget (package:flutter/src/widgets/framework.dart:4587:20)
#88     MultiChildRenderObjectElement.inflateWidget (package:flutter/src/widgets/framework.dart:7264:36)
#89     MultiChildRenderObjectElement.mount (package:flutter/src/widgets/framework.dart:7279:32)
...     Normal element mounting (372 frames)
#461    Element.inflateWidget (package:flutter/src/widgets/framework.dart:4587:20)
#462    MultiChildRenderObjectElement.inflateWidget (package:flutter/src/widgets/framework.dart:7264:36)
#463    MultiChildRenderObjectElement.mount (package:flutter/src/widgets/framework.dart:7279:32)
...     Normal element mounting (473 frames)
#936    _UncontrolledProviderScopeElement.mount (package:flutter_riverpod/src/framework.dart:315:11)
...     Normal element mounting (24 frames)
#960    Element.inflateWidget (package:flutter/src/widgets/framework.dart:4587:20)
#961    MultiChildRenderObjectElement.inflateWidget (package:flutter/src/widgets/framework.dart:7264:36)
#962    MultiChildRenderObjectElement.mount (package:flutter/src/widgets/framework.dart:7279:32)
...     Normal element mounting (25 frames)
#987    Element.inflateWidget (package:flutter/src/widgets/framework.dart:4587:20)
#988    MultiChildRenderObjectElement.inflateWidget (package:flutter/src/widgets/framework.dart:7264:36)
#989    MultiChildRenderObjectElement.mount (package:flutter/src/widgets/framework.dart:7279:32)
#990    Element.inflateWidget (package:flutter/src/widgets/framework.dart:4587:20)
#991    MultiChildRenderObjectElement.inflateWidget (package:flutter/src/widgets/framework.dart:7264:36)
#992    MultiChildRenderObjectElement.mount (package:flutter/src/widgets/framework.dart:7279:32)
...     Normal element mounting (317 frames)
#1309   Element.inflateWidget (package:flutter/src/widgets/framework.dart:4587:20)
#1310   MultiChildRenderObjectElement.inflateWidget (package:flutter/src/widgets/framework.dart:7264:36)
#1311   MultiChildRenderObjectElement.mount (package:flutter/src/widgets/framework.dart:7279:32)
...     Normal element mounting (456 frames)
#1767   Element.inflateWidget (package:flutter/src/widgets/framework.dart:4587:20)
#1768   Element.updateChild (package:flutter/src/widgets/framework.dart:4053:20)
#1769   ComponentElement.performRebuild (package:flutter/src/widgets/framework.dart:5841:16)
#1770   Element.rebuild (package:flutter/src/widgets/framework.dart:5529:7)
#1771   ProxyElement.update (package:flutter/src/widgets/framework.dart:6149:5)
#1772   _InheritedNotifierElement.update (package:flutter/src/widgets/inherited_notifier.dart:108:11)
#1773   Element.updateChild (package:flutter/src/widgets/framework.dart:4037:15)
#1774   ComponentElement.performRebuild (package:flutter/src/widgets/framework.dart:5841:16)
#1775   StatefulElement.performRebuild (package:flutter/src/widgets/framework.dart:5982:11)
#1776   Element.rebuild (package:flutter/src/widgets/framework.dart:5529:7)
#1777   StatefulElement.update (package:flutter/src/widgets/framework.dart:6007:5)
#1778   Element.updateChild (package:flutter/src/widgets/framework.dart:4037:15)
#1779   ComponentElement.performRebuild (package:flutter/src/widgets/framework.dart:5841:16)
#1780   Element.rebuild (package:flutter/src/widgets/framework.dart:5529:7)
#1781   ProxyElement.update (package:flutter/src/widgets/framework.dart:6149:5)
#1782   _InheritedNotifierElement.update (package:flutter/src/widgets/inherited_notifier.dart:108:11)
#1783   Element.updateChild (package:flutter/src/widgets/framework.dart:4037:15)
#1784   ComponentElement.performRebuild (package:flutter/src/widgets/framework.dart:5841:16)
#1785   StatefulElement.performRebuild (package:flutter/src/widgets/framework.dart:5982:11)
#1786   Element.rebuild (package:flutter/src/widgets/framework.dart:5529:7)
#1787   StatefulElement.update (package:flutter/src/widgets/framework.dart:6007:5)
#1788   Element.updateChild (package:flutter/src/widgets/framework.dart:4037:15)
#1789   ComponentElement.performRebuild (package:flutter/src/widgets/framework.dart:5841:16)
#1790   StatefulElement.performRebuild (package:flutter/src/widgets/framework.dart:5982:11)
#1791   Element.rebuild (package:flutter/src/widgets/framework.dart:5529:7)
#1792   StatefulElement.update (package:flutter/src/widgets/framework.dart:6007:5)
#1793   Element.updateChild (package:flutter/src/widgets/framework.dart:4037:15)
#1794   ComponentElement.performRebuild (package:flutter/src/widgets/framework.dart:5841:16)
#1795   Element.rebuild (package:flutter/src/widgets/framework.dart:5529:7)
#1796   ProxyElement.update (package:flutter/src/widgets/framework.dart:6149:5)
#1797   Element.updateChild (package:flutter/src/widgets/framework.dart:4037:15)
#1798   ComponentElement.performRebuild (package:flutter/src/widgets/framework.dart:5841:16)
#1799   StatefulElement.performRebuild (package:flutter/src/widgets/framework.dart:5982:11)
#1800   Element.rebuild (package:flutter/src/widgets/framework.dart:5529:7)
#1801   StatefulElement.update (package:flutter/src/widgets/framework.dart:6007:5)
#1802   Element.updateChild (package:flutter/src/widgets/framework.dart:4037:15)
#1803   ComponentElement.performRebuild (package:flutter/src/widgets/framework.dart:5841:16)
#1804   Element.rebuild (package:flutter/src/widgets/framework.dart:5529:7)
#1805   ProxyElement.update (package:flutter/src/widgets/framework.dart:6149:5)
#1806   Element.updateChild (package:flutter/src/widgets/framework.dart:4037:15)
#1807   ComponentElement.performRebuild (package:flutter/src/widgets/framework.dart:5841:16)
#1808   Element.rebuild (package:flutter/src/widgets/framework.dart:5529:7)
#1809   ProxyElement.update (package:flutter/src/widgets/framework.dart:6149:5)
#1810   Element.updateChild (package:flutter/src/widgets/framework.dart:4037:15)
#1811   _RawViewElement._updateChild (package:flutter/src/widgets/view.dart:481:16)
#1812   _RawViewElement.update (package:flutter/src/widgets/view.dart:568:5)
#1813   Element.updateChild (package:flutter/src/widgets/framework.dart:4037:15)
#1814   ComponentElement.performRebuild (package:flutter/src/widgets/framework.dart:5841:16)
#1815   Element.rebuild (package:flutter/src/widgets/framework.dart:5529:7)
#1816   StatelessElement.update (package:flutter/src/widgets/framework.dart:5895:5)
#1817   Element.updateChild (package:flutter/src/widgets/framework.dart:4037:15)
#1818   ComponentElement.performRebuild (package:flutter/src/widgets/framework.dart:5841:16)
#1819   StatefulElement.performRebuild (package:flutter/src/widgets/framework.dart:5982:11)
#1820   Element.rebuild (package:flutter/src/widgets/framework.dart:5529:7)
#1821   StatefulElement.update (package:flutter/src/widgets/framework.dart:6007:5)
#1822   Element.updateChild (package:flutter/src/widgets/framework.dart:4037:15)
#1823   RootElement._rebuild (package:flutter/src/widgets/binding.dart:1822:16)
#1824   RootElement.update (package:flutter/src/widgets/binding.dart:1800:5)
#1825   RootElement.performRebuild (package:flutter/src/widgets/binding.dart:1814:7)
#1826   Element.rebuild (package:flutter/src/widgets/framework.dart:5529:7)
#1827   BuildScope._tryRebuild (package:flutter/src/widgets/framework.dart:2750:15)
#1828   BuildScope._flushDirtyElements (package:flutter/src/widgets/framework.dart:2807:11)
#1829   BuildOwner.buildScope (package:flutter/src/widgets/framework.dart:3111:18)
#1830   AutomatedTestWidgetsFlutterBinding.drawFrame (package:flutter_test/src/binding.dart:2131:19)
#1831   RendererBinding._handlePersistentFrameCallback (package:flutter/src/rendering/binding.dart:495:5)
#1832   SchedulerBinding._invokeFrameCallback (package:flutter/src/scheduler/binding.dart:1430:15)
#1833   SchedulerBinding.handleDrawFrame (package:flutter/src/scheduler/binding.dart:1345:9)
#1834   AutomatedTestWidgetsFlutterBinding.pump.<anonymous closure> (package:flutter_test/src/binding.dart:1960:9)
#1837   TestAsyncUtils.guard (package:flutter_test/src/test_async_utils.dart:74:41)
#1838   AutomatedTestWidgetsFlutterBinding.pump (package:flutter_test/src/binding.dart:1949:27)
#1839   WidgetTester.pumpWidget.<anonymous closure> (package:flutter_test/src/widget_tester.dart:598:22)
#1842   TestAsyncUtils.guard (package:flutter_test/src/test_async_utils.dart:74:41)
#1843   WidgetTester.pumpWidget (package:flutter_test/src/widget_tester.dart:595:27)
#1844   _pumpAppWidget (package:golden_toolkit/src/testing_tools.dart:129:16)
<asynchronous suspension>
#1845   TestingToolsExtension.pumpWidgetBuilder (package:golden_toolkit/src/testing_tools.dart:54:5)
<asynchronous suspension>
#1846   TestingToolsExtension.pumpDeviceBuilder (package:golden_toolkit/src/testing_tools.dart:71:5)
<asynchronous suspension>
#1847   main.<anonymous closure>.<anonymous closure>.<anonymous closure> (file:///Users/mc/Flutter%20Apps/flutter_assessment_app/test/features/home/shop_screen_golden_test.dart:28:9)
<asynchronous suspension>
#1848   main.<anonymous closure>.<anonymous closure> (file:///Users/mc/Flutter%20Apps/flutter_assessment_app/test/features/home/shop_screen_golden_test.dart:11:7)
<asynchronous suspension>
#1849   testGoldens.<anonymous closure>.body (package:golden_toolkit/src/testing_tools.dart:167:11)
<asynchronous suspension>
#1850   testGoldens.<anonymous closure> (package:golden_toolkit/src/testing_tools.dart:177:9)
<asynchronous suspension>
#1851   testWidgets.<anonymous closure>.<anonymous closure> (package:flutter_test/src/widget_tester.dart:192:15)
<asynchronous suspension>
#1852   TestWidgetsFlutterBinding._runTestBody (package:flutter_test/src/binding.dart:1682:5)
<asynchronous suspension>
<asynchronous suspension>
(elided 5 frames from dart:async and package:stack_trace)
════════════════════════════════════════════════════════════════════════════════════════════════════
  Test failed. See exception logs above.
  The test description was: ShopScreen - Default State
  
00:03 +0 -1: Some tests failed.
